C51 COMPILER V9.60.0.0   KEY                                                               06/04/2023 16:25:27 PAGE 1   


C51 COMPILER V9.60.0.0, COMPILATION OF MODULE KEY
OBJECT MODULE PLACED IN .\Objects\key.obj
COMPILER INVOKED BY: D:\study\danpianjixilie\keil\C51\BIN\C51.EXE key.c OPTIMIZE(8,SPEED) BROWSE DEBUG OBJECTEXTEND PRIN
                    -T(.\Listings\key.lst) TABS(2) OBJECT(.\Objects\key.obj)

line level    source

   1          #include "key.h"
   2          #include "iic.h"
   3          
   4          unsigned char key_value,old_key_value;
   5          extern unsigned char show_mod,show_sequence;
   6          extern unsigned char dac_start_flag;
   7          //传过来的参数值
   8          extern char temperature_parameter;
   9          extern char distance_parameter;
  10          extern char old_temperature_parameter;
  11          extern char old_distance_parameter;
  12          extern unsigned int change_time_of_parameter;
  13          
  14          unsigned char read_keyboard()
  15          {
  16   1          unsigned char key;
  17   1          unsigned int dai;
  18   1        
  19   1          P3|=0x0f;
  20   1          P44=0;P42=1;P35=1;P34=1;
  21   1          dai=P3&0x0f;
  22   1          P44=1;P42=0;P35=1;P34=1;
  23   1          dai=(dai<<4)|(P3&0x0f);
  24   1          P44=1;P42=1;P35=0;P34=1;
  25   1          dai=(dai<<4)|(P3&0x0f);
  26   1          P44=1;P42=1;P35=1;P34=0;
  27   1          dai=(dai<<4)|(P3&0x0f);
  28   1        
  29   1          switch(~dai)
  30   1          {
  31   2            case 0x1000:key=1;break;
  32   2            case 0x0100:key=2;break;
  33   2            case 0x0010:key=3;break;
  34   2            case 0x0001:key=4;break;
  35   2            case 0x2000:key=5;break;
  36   2            case 0x0200:key=6;break;
  37   2            case 0x0020:key=7;break;
  38   2            case 0x0002:key=8;break;
  39   2            case 0x4000:key=9;break;
  40   2            case 0x0400:key=10;break;
  41   2            case 0x0040:key=11;break;
  42   2            case 0x0004:key=12;break;
  43   2            case 0x8000:key=13;break;
  44   2            case 0x0800:key=14;break;
  45   2            case 0x0080:key=15;break;
  46   2            case 0x0008:key=16;break;
  47   2            default:key=0;break;
  48   2          }
  49   1          
  50   1          return key;
  51   1      }
  52          
  53          void key_proc()
  54          {
C51 COMPILER V9.60.0.0   KEY                                                               06/04/2023 16:25:27 PAGE 2   

  55   1          switch(key_value)
  56   1          {
  57   2            case 9:
  58   2            {
  59   3              show_mod++;
  60   3              show_sequence=0;
  61   3              if(show_mod==2)
  62   3              {
  63   4                show_mod=0;
  64   4                if((old_temperature_parameter!=temperature_parameter)|(old_distance_parameter!=distance_parameter))
  65   4                {
  66   5                  change_time_of_parameter++;
  67   5                  write_eeprom(0x00,change_time_of_parameter);
  68   5                  old_temperature_parameter=temperature_parameter;
  69   5                  old_distance_parameter=distance_parameter;
  70   5                }           
  71   4              }
  72   3            }break;
  73   2            case 13:
  74   2            {
  75   3               switch(show_mod)
  76   3               {
  77   4                 case 0:show_sequence++;if(show_sequence==3){show_sequence=0;}break;
  78   4                 case 1:show_sequence++;if(show_sequence==2){show_sequence=0;}break;
  79   4               }
  80   3            }break;
  81   2            case 10:
  82   2            {
  83   3                if(show_mod==1&show_sequence==0)
  84   3                {
  85   4                   temperature_parameter+=2;
  86   4                   if(temperature_parameter>99){temperature_parameter=0;}
  87   4                }
  88   3                if(show_mod==1&show_sequence==1)
  89   3                {
  90   4                   distance_parameter+=5;
  91   4                   if(distance_parameter>99){distance_parameter=0;}
  92   4                }
  93   3            }break;
  94   2            case 14:
  95   2            {
  96   3                if(show_mod==1&show_sequence==0)
  97   3                {
  98   4                   temperature_parameter-=2;
  99   4                   if(temperature_parameter<0){temperature_parameter=99;}
 100   4                }
 101   3                if(show_mod==1&show_sequence==1)
 102   3                {
 103   4                   distance_parameter-=5;
 104   4                   if(distance_parameter<0){distance_parameter=99;}
 105   4                }
 106   3            }break;
 107   2          }
 108   1      }
 109          
 110          void key_proc_long()
 111          {
 112   1          switch(key_value)
 113   1          {
 114   2            case 10:
 115   2            {
 116   3              dac_start_flag++;if(dac_start_flag==2){dac_start_flag=0;}
C51 COMPILER V9.60.0.0   KEY                                                               06/04/2023 16:25:27 PAGE 3   

 117   3            }break;
 118   2            case 14:
 119   2            {
 120   3              change_time_of_parameter=0;
 121   3            }break;
 122   2            case 15:
 123   2            {
 124   3              change_time_of_parameter=0;
 125   3              write_eeprom(0x00,0);
 126   3            }break; 
 127   2          }
 128   1      }


MODULE INFORMATION:   STATIC OVERLAYABLE
   CODE SIZE        =    651    ----
   CONSTANT SIZE    =   ----    ----
   XDATA SIZE       =   ----    ----
   PDATA SIZE       =   ----    ----
   DATA SIZE        =      2       1
   IDATA SIZE       =   ----    ----
   BIT SIZE         =   ----    ----
END OF MODULE INFORMATION.


C51 COMPILATION COMPLETE.  0 WARNING(S),  0 ERROR(S)
